ProductName:		macOS
ProductVersion:		26.6.2
BuildVersion:		25G83
/Applications/Xcode_26.0.1.app
/Applications/Xcode_26.0.app
/Applications/Xcode_26.1.1.app
/Applications/Xcode_26.1.app
/Applications/Xcode_26.2.0.app
/Applications/Xcode_26.2.app
/Applications/Xcode_26.3.0.app
/Applications/Xcode_26.3.app
/Applications/Xcode_26.4.1.app
/Applications/Xcode_26.4.app
/Applications/Xcode_26.5.0.app
/Applications/Xcode_26.5.app
/Applications/Xcode_26.6.0.app
/Applications/Xcode_26.6.app
/Applications/Xcode.app
Xcode 26.6
Build version 17F113
swift-driver version: 1.148.6 Apple Swift version 6.3.3 (swiftlang-6.3.3.1.3 clang-2100.1.1.101)
Target: arm64-apple-macosx26.0
		<key>short-bundle-version</key>
		<string>26.6</string>
