icons written to D:\a\JConnect\JConnect\assets
Microsoft Store images written to D:\a\JConnect\JConnect\build\appx
  • electron-builder  version=26.15.3 os=10.0.26100
  • Implicit publishing triggered by CI detection. This behavior will be disabled in electron-builder v27. Please use --publish explicitly.
  • loaded configuration  file=package.json ("build" field)
  • skipped dependencies rebuild  reason=npmRebuild is set to false
  • packaging       platform=win32 arch=x64 electron=44.3.0 appOutDir=dist\win-unpacked
  • downloaded      label=electron progress=100%
  • downloaded electron zip extracted successfully  output=D:\a\JConnect\JConnect\dist\win-unpacked
  • searching for node modules  pm=npm searchDir=D:\a\JConnect\JConnect
  • duplicate dependency references  dependencies=["string-width@4.2.3","string-width@4.2.3","strip-ansi@6.0.1","strip-ansi@6.0.1"]
  • updating asar integrity executable resource  executablePath=dist\win-unpacked\JConnect.exe
  • executing @electron/fuses  electronPath=dist\win-unpacked\JConnect.exe
  • downloaded      label=icons-bundle.tar.gz progress=100%
  • signing with signtool.exe  path=dist\win-unpacked\JConnect.exe
  • signing with signtool.exe  path=dist\win-unpacked\resources\app.asar.unpacked\node_modules\ssh2\util\pagent.exe
  • building        target=AppX arch=x64 file=dist\JConnect-0.1.0-beta.3-Store.appx
  • resolved ELECTRON_BUILDER_WINDOWS_KITS_PATH from environment variable  ELECTRON_BUILDER_WINDOWS_KITS_PATH=C:\Program Files (x86)\Windows Kits\10\bin\10.0.26100.0\x64
  • AppX is not signed  reason=Windows Store only build
  • custom appx manifest found  manifestPath=dist\msix-AppxManifest.xml
  • signing with signtool.exe  path=dist\JConnect-0.1.0-beta.3-Store.appx
Built JConnect 0.1.0-beta.3 for the Microsoft Store as package version 0.1.3.0, with the test identity.
-rw-r--r-- 1 runneradmin 197121 166255477 Sep 26 15:18 dist/JConnect-0.1.0-beta.3-Store.appx
