package: name='app.jconnect.android' versionCode='2' versionName='0.1.0-beta.2' platformBuildVersionName='16' platformBuildVersionCode='36' compileSdkVersion='36' compileSdkVersionCodename='16'
minSdkVersion:'26'
targetSdkVersion:'36'
uses-permission: name='android.permission.INTERNET'
uses-permission: name='android.permission.CHANGE_WIFI_MULTICAST_STATE'
uses-permission: name='android.permission.REQUEST_INSTALL_PACKAGES'
uses-permission: name='app.jconnect.android.DYNAMIC_RECEIVER_NOT_EXPORTED_PERMISSION'
uses-permission: name='android.permission.ACCESS_NETWORK_STATE'
uses-permission: name='android.permission.CAMERA'
application-label:'JConnect'
application-label-af:'JConnect'
application-label-am:'JConnect'
application-label-ar:'JConnect'
application-label-as:'JConnect'
application-label-az:'JConnect'
application-label-be:'JConnect'
application-label-bg:'JConnect'
application-label-bn:'JConnect'
application-label-bs:'JConnect'
application-label-ca:'JConnect'
application-label-cs:'JConnect'
application-label-da:'JConnect'
application-label-de:'JConnect'
application-label-el:'JConnect'
application-label-en-AU:'JConnect'
application-label-en-CA:'JConnect'
application-label-en-GB:'JConnect'
application-label-en-IN:'JConnect'
application-label-en-XC:'JConnect'
application-label-es:'JConnect'
application-label-es-US:'JConnect'
application-label-et:'JConnect'
application-label-eu:'JConnect'
application-label-fa:'JConnect'
application-label-fi:'JConnect'
application-label-fr:'JConnect'
application-label-fr-CA:'JConnect'
application-label-gl:'JConnect'
application-label-gu:'JConnect'
application-label-hi:'JConnect'
application-label-hr:'JConnect'
application-label-hu:'JConnect'
application-label-hy:'JConnect'
application-label-in:'JConnect'
application-label-is:'JConnect'
application-label-it:'JConnect'
application-label-iw:'JConnect'
application-label-ja:'JConnect'
application-label-ka:'JConnect'
application-label-kk:'JConnect'
application-label-km:'JConnect'
application-label-kn:'JConnect'
application-label-ko:'JConnect'
application-label-ky:'JConnect'
application-label-lo:'JConnect'
application-label-lt:'JConnect'
application-label-lv:'JConnect'
application-label-mk:'JConnect'
application-label-ml:'JConnect'
application-label-mn:'JConnect'
application-label-mr:'JConnect'
application-label-ms:'JConnect'
application-label-my:'JConnect'
application-label-nb:'JConnect'
application-label-ne:'JConnect'
application-label-nl:'JConnect'
application-label-or:'JConnect'
application-label-pa:'JConnect'
application-label-pl:'JConnect'
application-label-pt:'JConnect'
application-label-pt-BR:'JConnect'
application-label-pt-PT:'JConnect'
application-label-ro:'JConnect'
application-label-ru:'JConnect'
application-label-si:'JConnect'
application-label-sk:'JConnect'
application-label-sl:'JConnect'
application-label-sq:'JConnect'
application-label-sr:'JConnect'
application-label-sr-Latn:'JConnect'
application-label-sv:'JConnect'
application-label-sw:'JConnect'
application-label-ta:'JConnect'
application-label-te:'JConnect'
application-label-th:'JConnect'
application-label-tl:'JConnect'
application-label-tr:'JConnect'
application-label-uk:'JConnect'
application-label-ur:'JConnect'
application-label-uz:'JConnect'
application-label-vi:'JConnect'
application-label-zh-CN:'JConnect'
application-label-zh-HK:'JConnect'
application-label-zh-TW:'JConnect'
application-label-zu:'JConnect'
application-icon-160:'res/mipmap-anydpi-v26/ic_launcher.xml'
application-icon-240:'res/mipmap-anydpi-v26/ic_launcher.xml'
application-icon-320:'res/mipmap-anydpi-v26/ic_launcher.xml'
application-icon-480:'res/mipmap-anydpi-v26/ic_launcher.xml'
application-icon-640:'res/mipmap-anydpi-v26/ic_launcher.xml'
application-icon-65534:'res/mipmap-anydpi-v26/ic_launcher.xml'
application: label='JConnect' icon='res/mipmap-anydpi-v26/ic_launcher.xml' banner='res/drawable-xhdpi-v4/tv_banner.png'
application-debuggable
launchable-activity: name='app.jconnect.android.MainActivity'  label='JConnect' icon=''
leanback-launchable-activity: name='app.jconnect.android.MainActivity'  label='JConnect' icon='' banner=''
uses-library-not-required:'androidx.window.extensions'
uses-library-not-required:'androidx.window.sidecar'
feature-group: label=''
  uses-feature-not-required: name='android.hardware.camera'
  uses-feature-not-required: name='android.hardware.camera.autofocus'
  uses-feature-not-required: name='android.hardware.touchscreen'
  uses-feature-not-required: name='android.hardware.wifi'
  uses-feature-not-required: name='android.software.leanback'
main
other-activities
other-receivers
other-services
supports-screens: 'small' 'normal' 'large' 'xlarge'
supports-any-density: 'true'
locales: '--_--' 'af' 'am' 'ar' 'as' 'az' 'be' 'bg' 'bn' 'bs' 'ca' 'cs' 'da' 'de' 'el' 'en-AU' 'en-CA' 'en-GB' 'en-IN' 'en-XC' 'es' 'es-US' 'et' 'eu' 'fa' 'fi' 'fr' 'fr-CA' 'gl' 'gu' 'hi' 'hr' 'hu' 'hy' 'in' 'is' 'it' 'iw' 'ja' 'ka' 'kk' 'km' 'kn' 'ko' 'ky' 'lo' 'lt' 'lv' 'mk' 'ml' 'mn' 'mr' 'ms' 'my' 'nb' 'ne' 'nl' 'or' 'pa' 'pl' 'pt' 'pt-BR' 'pt-PT' 'ro' 'ru' 'si' 'sk' 'sl' 'sq' 'sr' 'sr-Latn' 'sv' 'sw' 'ta' 'te' 'th' 'tl' 'tr' 'uk' 'ur' 'uz' 'vi' 'zh-CN' 'zh-HK' 'zh-TW' 'zu'
densities: '160' '240' '320' '480' '640' '65534'
native-code: 'arm64-v8a' 'armeabi-v7a' 'x86' 'x86_64'
