  • electron-builder  version=26.15.3 os=10.0.26100
  • Implicit publishing triggered by CI detection. This behavior will be disabled in electron-builder v27. Please use --publish explicitly.
  • loaded configuration  file=package.json ("build" field)
  • skipped dependencies rebuild  reason=npmRebuild is set to false
  • packaging       platform=win32 arch=x64 electron=44.3.0 appOutDir=dist-new\win-unpacked
  • downloaded      label=electron progress=100%
  • downloaded electron zip extracted successfully  output=D:\a\JConnect\JConnect\dist-new\win-unpacked
  • searching for node modules  pm=npm searchDir=D:\a\JConnect\JConnect
  • duplicate dependency references  dependencies=["string-width@4.2.3","string-width@4.2.3","strip-ansi@6.0.1","strip-ansi@6.0.1"]
  • updating asar integrity executable resource  executablePath=dist-new\win-unpacked\JConnect.exe
  • executing @electron/fuses  electronPath=dist-new\win-unpacked\JConnect.exe
  • signing with signtool.exe  path=dist-new\win-unpacked\JConnect.exe
  • signing with signtool.exe  path=dist-new\win-unpacked\resources\app.asar.unpacked\node_modules\ssh2\util\pagent.exe
  • building        target=nsis file=dist-new\JConnect-Setup-0.0.1-test.2.exe archs=x64 oneClick=true perMachine=false
  • signing with signtool.exe  path=dist-new\win-unpacked\resources\elevate.exe
  • signing with signtool.exe  path=dist-new\JConnect-Setup-0.0.1-test.2.__uninstaller.exe
  • signing with signtool.exe  path=dist-new\JConnect-Setup-0.0.1-test.2.exe
  • building block map  blockMapFile=dist-new\JConnect-Setup-0.0.1-test.2.exe.blockmap
-rwxr-xr-x 1 runneradmin 197121 112425844 Sep 14 14:08 dist-new/JConnect-Setup-0.0.1-test.2.exe
-rwxr-xr-x 1 runneradmin 197121 112425525 Sep 14 14:06 dist-old/JConnect-Setup-0.0.1-test.1.exe
