== dist/JConnect-0.1.0-beta.1-arm64.dmg ( 96M)
Applications shortcut: yes
signature: valid
Identifier=app.jconnect.desktop
Format=app bundle with Mach-O thin (arm64)
Signature=adhoc
app architectures: arm64
helper architectures: x86_64 arm64
0.1.0-beta.1
13.0
input helper: ready
app answered on port 47935: {"app":"jconnect","v":2,"id":"c7f76cbd4adecc49d1cc","name":"iad20-eo1210-25ef08ad-dcd0-4c1e-b862-3f1b684b2480-524E11FEB2CD.local","os":"macOS","publicKey":"fRAENVve5E1JwSYRn36viL+abABWqb2iL0s37IuaidQ=","port":47935}
  app: [12045:0916/070915.510229:ERROR:content/browser/network_service_instance_impl.cc:650] Network service crashed or was terminated, restarting service.
== dist/JConnect-0.1.0-beta.1-x64.dmg ( 97M)
Applications shortcut: yes
signature: valid
Identifier=app.jconnect.desktop
Format=app bundle with Mach-O thin (x86_64)
Signature=adhoc
app architectures: x86_64
helper architectures: x86_64 arm64
0.1.0-beta.1
13.0
input helper: ready
::warning::The Intel app didn't answer within 240 seconds under Rosetta. It was built and signed, but couldn't be started on this runner.
scripts/mac-smoke-test.sh: line 15: 13824 Killed: 9               "$exe" --profile="smoke-$arch" --port="$port" > "$log" 2>&1
