N: android=http://schemas.android.com/apk/res/android (line=2)
  E: manifest (line=2)
    A: http://schemas.android.com/apk/res/android:versionCode(0x0101021b)=3
    A: http://schemas.android.com/apk/res/android:versionName(0x0101021c)="0.1.0-beta.3" (Raw: "0.1.0-beta.3")
    A: http://schemas.android.com/apk/res/android:compileSdkVersion(0x01010572)=36
    A: http://schemas.android.com/apk/res/android:compileSdkVersionCodename(0x01010573)="16" (Raw: "16")
    A: package="app.jconnect.android" (Raw: "app.jconnect.android")
    A: platformBuildVersionCode=36
    A: platformBuildVersionName=16
      E: uses-sdk (line=7)
        A: http://schemas.android.com/apk/res/android:minSdkVersion(0x0101020c)=26
        A: http://schemas.android.com/apk/res/android:targetSdkVersion(0x01010270)=36
      E: uses-feature (line=12)
        A: http://schemas.android.com/apk/res/android:name(0x01010003)="android.software.leanback" (Raw: "android.software.leanback")
        A: http://schemas.android.com/apk/res/android:required(0x0101028e)=false
      E: uses-feature (line=15)
        A: http://schemas.android.com/apk/res/android:name(0x01010003)="android.hardware.touchscreen" (Raw: "android.hardware.touchscreen")
        A: http://schemas.android.com/apk/res/android:required(0x0101028e)=false
      E: uses-feature (line=18)
        A: http://schemas.android.com/apk/res/android:name(0x01010003)="android.hardware.camera" (Raw: "android.hardware.camera")
        A: http://schemas.android.com/apk/res/android:required(0x0101028e)=false
      E: uses-feature (line=21)
        A: http://schemas.android.com/apk/res/android:name(0x01010003)="android.hardware.camera.autofocus" (Raw: "android.hardware.camera.autofocus")
        A: http://schemas.android.com/apk/res/android:required(0x0101028e)=false
      E: uses-feature (line=25)
        A: http://schemas.android.com/apk/res/android:name(0x01010003)="android.hardware.wifi" (Raw: "android.hardware.wifi")
        A: http://schemas.android.com/apk/res/android:required(0x0101028e)=false
      E: uses-permission (line=31)
        A: http://schemas.android.com/apk/res/android:name(0x01010003)="android.permission.INTERNET" (Raw: "android.permission.INTERNET")
      E: uses-permission (line=33)
        A: http://schemas.android.com/apk/res/android:name(0x01010003)="android.permission.CHANGE_WIFI_MULTICAST_STATE" (Raw: "android.permission.CHANGE_WIFI_MULTICAST_STATE")
      E: uses-permission (line=35)
        A: http://schemas.android.com/apk/res/android:name(0x01010003)="android.permission.REQUEST_INSTALL_PACKAGES" (Raw: "android.permission.REQUEST_INSTALL_PACKAGES")
      E: permission (line=37)
        A: http://schemas.android.com/apk/res/android:name(0x01010003)="app.jconnect.android.DYNAMIC_RECEIVER_NOT_EXPORTED_PERMISSION" (Raw: "app.jconnect.android.DYNAMIC_RECEIVER_NOT_EXPORTED_PERMISSION")
        A: http://schemas.android.com/apk/res/android:protectionLevel(0x01010009)=0x00000002
      E: uses-permission (line=41)
        A: http://schemas.android.com/apk/res/android:name(0x01010003)="app.jconnect.android.DYNAMIC_RECEIVER_NOT_EXPORTED_PERMISSION" (Raw: "app.jconnect.android.DYNAMIC_RECEIVER_NOT_EXPORTED_PERMISSION")
      E: uses-permission (line=43)
        A: http://schemas.android.com/apk/res/android:name(0x01010003)="android.permission.ACCESS_NETWORK_STATE" (Raw: "android.permission.ACCESS_NETWORK_STATE")
      E: uses-permission (line=44)
        A: http://schemas.android.com/apk/res/android:name(0x01010003)="android.permission.CAMERA" (Raw: "android.permission.CAMERA")
      E: application (line=46)
        A: http://schemas.android.com/apk/res/android:theme(0x01010000)=@0x7f0e0005
        A: http://schemas.android.com/apk/res/android:label(0x01010001)=@0x7f0d001c
        A: http://schemas.android.com/apk/res/android:icon(0x01010002)=@0x7f0c0000
        A: http://schemas.android.com/apk/res/android:allowBackup(0x01010280)=true
        A: http://schemas.android.com/apk/res/android:supportsRtl(0x010103af)=true
        A: http://schemas.android.com/apk/res/android:banner(0x010103f2)=@0x7f07008d
        A: http://schemas.android.com/apk/res/android:extractNativeLibs(0x010104ea)=false
        A: http://schemas.android.com/apk/res/android:usesCleartextTraffic(0x010104ec)=true
        A: http://schemas.android.com/apk/res/android:roundIcon(0x0101052c)=@0x7f0c0002
        A: http://schemas.android.com/apk/res/android:appComponentFactory(0x0101057a)="androidx.core.app.CoreComponentFactory" (Raw: "androidx.core.app.CoreComponentFactory")
          E: activity (line=57)
            A: http://schemas.android.com/apk/res/android:theme(0x01010000)=@0x7f0e0007
            A: http://schemas.android.com/apk/res/android:label(0x01010001)=@0x7f0d0091
            A: http://schemas.android.com/apk/res/android:name(0x01010003)="app.jconnect.android.MainActivity" (Raw: "app.jconnect.android.MainActivity")
            A: http://schemas.android.com/apk/res/android:exported(0x01010010)=true
            A: http://schemas.android.com/apk/res/android:launchMode(0x0101001d)=2
            A: http://schemas.android.com/apk/res/android:configChanges(0x0101001f)=0x00001ff4
              E: intent-filter (line=64)
                  E: action (line=65)
                    A: http://schemas.android.com/apk/res/android:name(0x01010003)="android.intent.action.MAIN" (Raw: "android.intent.action.MAIN")
                  E: category (line=67)
                    A: http://schemas.android.com/apk/res/android:name(0x01010003)="android.intent.category.LAUNCHER" (Raw: "android.intent.category.LAUNCHER")
                  E: category (line=69)
                    A: http://schemas.android.com/apk/res/android:name(0x01010003)="android.intent.category.LEANBACK_LAUNCHER" (Raw: "android.intent.category.LEANBACK_LAUNCHER")
          E: provider (line=73)
            A: http://schemas.android.com/apk/res/android:name(0x01010003)="androidx.core.content.FileProvider" (Raw: "androidx.core.content.FileProvider")
            A: http://schemas.android.com/apk/res/android:exported(0x01010010)=false
            A: http://schemas.android.com/apk/res/android:authorities(0x01010018)="app.jconnect.android.fileprovider" (Raw: "app.jconnect.android.fileprovider")
            A: http://schemas.android.com/apk/res/android:grantUriPermissions(0x0101001b)=true
              E: meta-data (line=78)
                A: http://schemas.android.com/apk/res/android:name(0x01010003)="android.support.FILE_PROVIDER_PATHS" (Raw: "android.support.FILE_PROVIDER_PATHS")
                A: http://schemas.android.com/apk/res/android:resource(0x01010025)=@0x7f100001
          E: service (line=86)
            A: http://schemas.android.com/apk/res/android:name(0x01010003)="androidx.camera.core.impl.MetadataHolderService" (Raw: "androidx.camera.core.impl.MetadataHolderService")
            A: http://schemas.android.com/apk/res/android:enabled(0x0101000e)=false
            A: http://schemas.android.com/apk/res/android:exported(0x01010010)=false
              E: meta-data (line=90)
                A: http://schemas.android.com/apk/res/android:name(0x01010003)="androidx.camera.core.impl.MetadataHolderService.DEFAULT_CONFIG_PROVIDER" (Raw: "androidx.camera.core.impl.MetadataHolderService.DEFAULT_CONFIG_PROVIDER")
                A: http://schemas.android.com/apk/res/android:value(0x01010024)="androidx.camera.camera2.Camera2Config$DefaultProvider" (Raw: "androidx.camera.camera2.Camera2Config$DefaultProvider")
          E: service (line=94)
            A: http://schemas.android.com/apk/res/android:name(0x01010003)="com.google.mlkit.common.internal.MlKitComponentDiscoveryService" (Raw: "com.google.mlkit.common.internal.MlKitComponentDiscoveryService")
            A: http://schemas.android.com/apk/res/android:exported(0x01010010)=false
            A: http://schemas.android.com/apk/res/android:directBootAware(0x01010505)=true
              E: meta-data (line=98)
                A: http://schemas.android.com/apk/res/android:name(0x01010003)="com.google.firebase.components:com.google.mlkit.vision.barcode.internal.BarcodeRegistrar" (Raw: "com.google.firebase.components:com.google.mlkit.vision.barcode.internal.BarcodeRegistrar")
                A: http://schemas.android.com/apk/res/android:value(0x01010024)="com.google.firebase.components.ComponentRegistrar" (Raw: "com.google.firebase.components.ComponentRegistrar")
              E: meta-data (line=101)
                A: http://schemas.android.com/apk/res/android:name(0x01010003)="com.google.firebase.components:com.google.mlkit.vision.common.internal.VisionCommonRegistrar" (Raw: "com.google.firebase.components:com.google.mlkit.vision.common.internal.VisionCommonRegistrar")
                A: http://schemas.android.com/apk/res/android:value(0x01010024)="com.google.firebase.components.ComponentRegistrar" (Raw: "com.google.firebase.components.ComponentRegistrar")
              E: meta-data (line=104)
                A: http://schemas.android.com/apk/res/android:name(0x01010003)="com.google.firebase.components:com.google.mlkit.common.internal.CommonComponentRegistrar" (Raw: "com.google.firebase.components:com.google.mlkit.common.internal.CommonComponentRegistrar")
                A: http://schemas.android.com/apk/res/android:value(0x01010024)="com.google.firebase.components.ComponentRegistrar" (Raw: "com.google.firebase.components.ComponentRegistrar")
          E: provider (line=109)
            A: http://schemas.android.com/apk/res/android:name(0x01010003)="com.google.mlkit.common.internal.MlKitInitProvider" (Raw: "com.google.mlkit.common.internal.MlKitInitProvider")
            A: http://schemas.android.com/apk/res/android:exported(0x01010010)=false
            A: http://schemas.android.com/apk/res/android:authorities(0x01010018)="app.jconnect.android.mlkitinitprovider" (Raw: "app.jconnect.android.mlkitinitprovider")
            A: http://schemas.android.com/apk/res/android:initOrder(0x0101001a)=99
          E: activity (line=115)
            A: http://schemas.android.com/apk/res/android:theme(0x01010000)=@0x01030010
            A: http://schemas.android.com/apk/res/android:name(0x01010003)="com.google.android.gms.common.api.GoogleApiActivity" (Raw: "com.google.android.gms.common.api.GoogleApiActivity")
            A: http://schemas.android.com/apk/res/android:exported(0x01010010)=false
          E: meta-data (line=120)
            A: http://schemas.android.com/apk/res/android:name(0x01010003)="com.google.android.gms.version" (Raw: "com.google.android.gms.version")
            A: http://schemas.android.com/apk/res/android:value(0x01010024)=@0x7f090005
          E: provider (line=124)
            A: http://schemas.android.com/apk/res/android:name(0x01010003)="androidx.startup.InitializationProvider" (Raw: "androidx.startup.InitializationProvider")
            A: http://schemas.android.com/apk/res/android:exported(0x01010010)=false
            A: http://schemas.android.com/apk/res/android:authorities(0x01010018)="app.jconnect.android.androidx-startup" (Raw: "app.jconnect.android.androidx-startup")
              E: meta-data (line=128)
                A: http://schemas.android.com/apk/res/android:name(0x01010003)="androidx.emoji2.text.EmojiCompatInitializer" (Raw: "androidx.emoji2.text.EmojiCompatInitializer")
                A: http://schemas.android.com/apk/res/android:value(0x01010024)="androidx.startup" (Raw: "androidx.startup")
              E: meta-data (line=131)
                A: http://schemas.android.com/apk/res/android:name(0x01010003)="androidx.lifecycle.ProcessLifecycleInitializer" (Raw: "androidx.lifecycle.ProcessLifecycleInitializer")
                A: http://schemas.android.com/apk/res/android:value(0x01010024)="androidx.startup" (Raw: "androidx.startup")
              E: meta-data (line=134)
                A: http://schemas.android.com/apk/res/android:name(0x01010003)="androidx.profileinstaller.ProfileInstallerInitializer" (Raw: "androidx.profileinstaller.ProfileInstallerInitializer")
                A: http://schemas.android.com/apk/res/android:value(0x01010024)="androidx.startup" (Raw: "androidx.startup")
          E: uses-library (line=139)
            A: http://schemas.android.com/apk/res/android:name(0x01010003)="androidx.window.extensions" (Raw: "androidx.window.extensions")
            A: http://schemas.android.com/apk/res/android:required(0x0101028e)=false
          E: uses-library (line=142)
            A: http://schemas.android.com/apk/res/android:name(0x01010003)="androidx.window.sidecar" (Raw: "androidx.window.sidecar")
            A: http://schemas.android.com/apk/res/android:required(0x0101028e)=false
          E: receiver (line=146)
            A: http://schemas.android.com/apk/res/android:name(0x01010003)="androidx.profileinstaller.ProfileInstallReceiver" (Raw: "androidx.profileinstaller.ProfileInstallReceiver")
            A: http://schemas.android.com/apk/res/android:permission(0x01010006)="android.permission.DUMP" (Raw: "android.permission.DUMP")
            A: http://schemas.android.com/apk/res/android:enabled(0x0101000e)=true
            A: http://schemas.android.com/apk/res/android:exported(0x01010010)=true
            A: http://schemas.android.com/apk/res/android:directBootAware(0x01010505)=false
              E: intent-filter (line=152)
                  E: action (line=153)
                    A: http://schemas.android.com/apk/res/android:name(0x01010003)="androidx.profileinstaller.action.INSTALL_PROFILE" (Raw: "androidx.profileinstaller.action.INSTALL_PROFILE")
              E: intent-filter (line=155)
                  E: action (line=156)
                    A: http://schemas.android.com/apk/res/android:name(0x01010003)="androidx.profileinstaller.action.SKIP_FILE" (Raw: "androidx.profileinstaller.action.SKIP_FILE")
              E: intent-filter (line=158)
                  E: action (line=159)
                    A: http://schemas.android.com/apk/res/android:name(0x01010003)="androidx.profileinstaller.action.SAVE_PROFILE" (Raw: "androidx.profileinstaller.action.SAVE_PROFILE")
              E: intent-filter (line=161)
                  E: action (line=162)
                    A: http://schemas.android.com/apk/res/android:name(0x01010003)="androidx.profileinstaller.action.BENCHMARK_OPERATION" (Raw: "androidx.profileinstaller.action.BENCHMARK_OPERATION")
          E: service (line=166)
            A: http://schemas.android.com/apk/res/android:name(0x01010003)="com.google.android.datatransport.runtime.backends.TransportBackendDiscovery" (Raw: "com.google.android.datatransport.runtime.backends.TransportBackendDiscovery")
            A: http://schemas.android.com/apk/res/android:exported(0x01010010)=false
              E: meta-data (line=169)
                A: http://schemas.android.com/apk/res/android:name(0x01010003)="backend:com.google.android.datatransport.cct.CctBackendFactory" (Raw: "backend:com.google.android.datatransport.cct.CctBackendFactory")
                A: http://schemas.android.com/apk/res/android:value(0x01010024)="cct" (Raw: "cct")
          E: service (line=173)
            A: http://schemas.android.com/apk/res/android:name(0x01010003)="com.google.android.datatransport.runtime.scheduling.jobscheduling.JobInfoSchedulerService" (Raw: "com.google.android.datatransport.runtime.scheduling.jobscheduling.JobInfoSchedulerService")
            A: http://schemas.android.com/apk/res/android:permission(0x01010006)="android.permission.BIND_JOB_SERVICE" (Raw: "android.permission.BIND_JOB_SERVICE")
            A: http://schemas.android.com/apk/res/android:exported(0x01010010)=false
          E: receiver (line=179)
            A: http://schemas.android.com/apk/res/android:name(0x01010003)="com.google.android.datatransport.runtime.scheduling.jobscheduling.AlarmManagerSchedulerBroadcastReceiver" (Raw: "com.google.android.datatransport.runtime.scheduling.jobscheduling.AlarmManagerSchedulerBroadcastReceiver")
            A: http://schemas.android.com/apk/res/android:exported(0x01010010)=false
          E: activity (line=183)
            A: http://schemas.android.com/apk/res/android:theme(0x01010000)=@0x7f0e0119
            A: http://schemas.android.com/apk/res/android:name(0x01010003)="com.outsystems.plugins.barcode.view.OSBARCScannerActivity" (Raw: "com.outsystems.plugins.barcode.view.OSBARCScannerActivity")
            A: http://schemas.android.com/apk/res/android:exported(0x01010010)=false
